
> frontend@0.1.0 dev
> next dev

   Γû▓ Next.js 16.0.7 (Turbopack)
   - Local:         http://localhost:3000
   - Network:       http://192.168.0.27:3000
   - Environments: .env.local
   - Experiments (use with caution):
     Γ£ô optimizeCss

 Γ£ô Starting...
 Γ£ô Ready in 892ms
 Γùï Compiling /recipes/new ...
 GET /recipes/new 200 in 6.4s (compile: 5.1s, render: 1261ms)
 GET /recipes/new 200 in 1749ms (compile: 5ms, render: 1744ms)
 GET / 200 in 1430ms (compile: 482ms, render: 948ms)
 GET /search 200 in 1342ms (compile: 1323ms, render: 20ms)
 POST /search 200 in 187ms (compile: 4ms, render: 183ms)
 POST /search 200 in 98ms (compile: 3ms, render: 95ms)
 GET / 200 in 637ms (compile: 3ms, render: 634ms)
 GET /explore/fridge 200 in 1722ms (compile: 341ms, render: 1380ms)
 POST /explore/fridge 200 in 117ms (compile: 4ms, render: 113ms)
 POST /explore/fridge 200 in 106ms (compile: 4ms, render: 102ms)
 GET / 200 in 681ms (compile: 3ms, render: 678ms)
 GET /search 200 in 15ms (compile: 3ms, render: 12ms)
 POST /search 200 in 93ms (compile: 3ms, render: 90ms)
 POST /search 200 in 104ms (compile: 2ms, render: 102ms)
 GET / 200 in 1684ms (compile: 3ms, render: 1681ms)
 GET /explore/fridge 200 in 314ms (compile: 2ms, render: 312ms)
 POST /explore/fridge 200 in 96ms (compile: 3ms, render: 93ms)
 POST /explore/fridge 200 in 106ms (compile: 2ms, render: 104ms)
 GET / 200 in 606ms (compile: 3ms, render: 603ms)
 GET /search 200 in 14ms (compile: 3ms, render: 12ms)
 POST /search 200 in 90ms (compile: 3ms, render: 87ms)
 POST /search 200 in 109ms (compile: 3ms, render: 107ms)
 GET / 200 in 1643ms (compile: 2ms, render: 1640ms)
 GET /explore/fridge 200 in 325ms (compile: 3ms, render: 322ms)
 POST /explore/fridge 200 in 94ms (compile: 3ms, render: 91ms)
 POST /explore/fridge 200 in 93ms (compile: 3ms, render: 90ms)
 GET / 200 in 638ms (compile: 3ms, render: 635ms)
 GET /search 200 in 13ms (compile: 2ms, render: 11ms)
 POST /search 200 in 110ms (compile: 3ms, render: 107ms)
 POST /search 200 in 121ms (compile: 2ms, render: 119ms)
 GET / 200 in 1653ms (compile: 5ms, render: 1647ms)
 GET /explore/fridge 200 in 325ms (compile: 3ms, render: 322ms)
 POST /explore/fridge 200 in 107ms (compile: 3ms, render: 104ms)
 POST /explore/fridge 200 in 96ms (compile: 3ms, render: 94ms)
 GET / 200 in 632ms (compile: 3ms, render: 629ms)
 Γ£ô Compiled in 97ms
 GET / 200 in 1786ms (compile: 3ms, render: 1783ms)
 GET / 200 in 2.1s (compile: 227ms, render: 1864ms)
 GET / 200 in 1683ms (compile: 2ms, render: 1681ms)
 GET / 200 in 1726ms (compile: 3ms, render: 1723ms)
 GET / 200 in 358ms (compile: 222ms, render: 136ms)
 GET / 200 in 99ms (compile: 3ms, render: 96ms)
 GET / 200 in 86ms (compile: 2ms, render: 84ms)
 GET / 200 in 85ms (compile: 2ms, render: 82ms)
 GET / 200 in 677ms (compile: 382ms, render: 295ms)
 GET / 200 in 930ms (compile: 294ms, render: 636ms)
 Γ£ô Compiled in 258ms
 GET / 200 in 444ms (compile: 6ms, render: 438ms)
 GET / 200 in 780ms (compile: 208ms, render: 572ms)
 GET / 200 in 3.3s (compile: 4ms, render: 3.3s)
 GET / 200 in 611ms (compile: 3ms, render: 608ms)
 GET / 200 in 148ms (compile: 9ms, render: 139ms)
 GET / 200 in 228ms (compile: 3ms, render: 226ms)
 GET / 200 in 88ms (compile: 2ms, render: 86ms)
 GET / 200 in 103ms (compile: 2ms, render: 101ms)
 GET / 200 in 82ms (compile: 2ms, render: 80ms)
 GET / 200 in 90ms (compile: 2ms, render: 88ms)
 GET / 200 in 81ms (compile: 2ms, render: 79ms)
 GET / 200 in 81ms (compile: 2ms, render: 79ms)
 GET / 200 in 88ms (compile: 2ms, render: 86ms)
 GET / 200 in 81ms (compile: 2ms, render: 79ms)
 GET / 200 in 89ms (compile: 2ms, render: 86ms)
 GET / 200 in 81ms (compile: 2ms, render: 79ms)
 GET / 200 in 83ms (compile: 2ms, render: 81ms)
 GET / 200 in 90ms (compile: 2ms, render: 88ms)
 GET / 200 in 85ms (compile: 3ms, render: 82ms)
 GET / 200 in 91ms (compile: 2ms, render: 89ms)
 GET / 200 in 86ms (compile: 2ms, render: 84ms)
 GET / 200 in 176ms (compile: 2ms, render: 174ms)
 GET / 200 in 93ms (compile: 2ms, render: 90ms)
 GET / 200 in 96ms (compile: 2ms, render: 93ms)
 GET / 200 in 90ms (compile: 2ms, render: 88ms)
 GET / 200 in 82ms (compile: 2ms, render: 80ms)
 GET / 200 in 86ms (compile: 2ms, render: 84ms)
 GET / 200 in 94ms (compile: 2ms, render: 92ms)
 GET / 200 in 84ms (compile: 1975┬╡s, render: 82ms)
 GET / 200 in 92ms (compile: 2ms, render: 90ms)
 GET / 200 in 83ms (compile: 2ms, render: 81ms)
 GET / 200 in 85ms (compile: 2ms, render: 83ms)
 GET / 200 in 91ms (compile: 2ms, render: 89ms)
 GET / 200 in 85ms (compile: 2ms, render: 83ms)
 GET / 200 in 90ms (compile: 2ms, render: 88ms)
 GET / 200 in 88ms (compile: 2ms, render: 86ms)
 GET / 200 in 88ms (compile: 2ms, render: 85ms)
 GET / 200 in 93ms (compile: 2ms, render: 91ms)
 GET / 200 in 85ms (compile: 2ms, render: 83ms)
 GET / 200 in 93ms (compile: 1988┬╡s, render: 91ms)
 GET / 200 in 86ms (compile: 3ms, render: 83ms)
 GET / 200 in 90ms (compile: 3ms, render: 87ms)
 GET / 200 in 102ms (compile: 2ms, render: 100ms)
 GET / 200 in 87ms (compile: 2ms, render: 85ms)
 GET / 200 in 94ms (compile: 2ms, render: 92ms)
 GET / 200 in 85ms (compile: 2ms, render: 83ms)
 GET / 200 in 86ms (compile: 2ms, render: 84ms)
 GET / 200 in 110ms (compile: 2ms, render: 108ms)
 GET / 200 in 87ms (compile: 2ms, render: 84ms)
 GET / 200 in 95ms (compile: 2ms, render: 93ms)
 GET / 200 in 85ms (compile: 2ms, render: 83ms)
 GET / 200 in 92ms (compile: 2ms, render: 90ms)
 GET / 200 in 87ms (compile: 2ms, render: 85ms)
 GET / 200 in 87ms (compile: 2ms, render: 85ms)
 GET / 200 in 94ms (compile: 2ms, render: 92ms)
 GET / 200 in 85ms (compile: 2ms, render: 83ms)
 GET / 200 in 93ms (compile: 2ms, render: 91ms)
 GET / 200 in 86ms (compile: 2ms, render: 84ms)
 GET / 200 in 85ms (compile: 1913┬╡s, render: 83ms)
 GET / 200 in 96ms (compile: 2ms, render: 94ms)
 GET / 200 in 95ms (compile: 2ms, render: 93ms)
 GET / 200 in 96ms (compile: 2ms, render: 93ms)
 GET / 200 in 87ms (compile: 2ms, render: 85ms)
 GET / 200 in 115ms (compile: 2ms, render: 113ms)
 GET / 200 in 94ms (compile: 2ms, render: 92ms)
 GET / 200 in 87ms (compile: 2ms, render: 85ms)
 GET / 200 in 97ms (compile: 2ms, render: 95ms)
 GET / 200 in 85ms (compile: 2ms, render: 83ms)
 GET / 200 in 88ms (compile: 2ms, render: 86ms)
 GET / 200 in 94ms (compile: 2ms, render: 92ms)
 GET / 200 in 86ms (compile: 2ms, render: 84ms)
 GET / 200 in 92ms (compile: 2ms, render: 90ms)
 GET / 200 in 89ms (compile: 2ms, render: 87ms)
 GET / 200 in 92ms (compile: 2ms, render: 90ms)
 GET / 200 in 102ms (compile: 2ms, render: 100ms)
 GET / 200 in 88ms (compile: 2ms, render: 85ms)
 GET / 200 in 95ms (compile: 2ms, render: 92ms)
 GET / 200 in 88ms (compile: 2ms, render: 86ms)
 GET / 200 in 88ms (compile: 2ms, render: 86ms)
 GET / 200 in 95ms (compile: 2ms, render: 93ms)
 GET / 200 in 88ms (compile: 2ms, render: 86ms)
 GET / 200 in 97ms (compile: 2ms, render: 95ms)
 GET / 200 in 87ms (compile: 2ms, render: 85ms)
 GET / 200 in 87ms (compile: 1991┬╡s, render: 85ms)
 GET / 200 in 94ms (compile: 2ms, render: 92ms)
 Γ£ô Compiled in 95ms
 Γ£ô Compiled in 94ms
 GET /explore/fridge 200 in 2.3s (compile: 216ms, render: 2.0s)
 POST /explore/fridge 200 in 171ms (compile: 2ms, render: 168ms)
 POST /explore/fridge 200 in 166ms (compile: 2ms, render: 163ms)
 GET / 200 in 344ms (compile: 215ms, render: 129ms)
 GET /explore/fridge 200 in 1005ms (compile: 3ms, render: 1003ms)
 POST /explore/fridge 200 in 188ms (compile: 2ms, render: 186ms)
 POST /explore/fridge 200 in 177ms (compile: 3ms, render: 175ms)
 GET /favorites 200 in 1363ms (compile: 553ms, render: 810ms)
 Γ£ô Compiled in 84ms
 GET /favorites 200 in 70ms (compile: 2ms, render: 68ms)
 GET /explore/fridge 200 in 1842ms (compile: 216ms, render: 1625ms)
 POST /explore/fridge 200 in 149ms (compile: 3ms, render: 147ms)
 POST /explore/fridge 200 in 118ms (compile: 2ms, render: 116ms)
 GET /favorites 200 in 584ms (compile: 3ms, render: 581ms)
 GET /explore/fridge 200 in 430ms (compile: 3ms, render: 427ms)
 POST /explore/fridge 200 in 126ms (compile: 3ms, render: 123ms)
 POST /explore/fridge 200 in 108ms (compile: 2ms, render: 106ms)
 GET /favorites 200 in 1576ms (compile: 2ms, render: 1573ms)
 GET /explore/fridge 200 in 438ms (compile: 2ms, render: 436ms)
 POST /explore/fridge 200 in 120ms (compile: 3ms, render: 117ms)
 POST /explore/fridge 200 in 116ms (compile: 3ms, render: 114ms)
 GET /explore/fridge 200 in 326ms (compile: 228ms, render: 98ms)
 GET /explore/fridge 200 in 1189ms (compile: 3ms, render: 1186ms)
 GET /explore/fridge 200 in 1450ms (compile: 2ms, render: 1448ms)
 GET /favorites 200 in 598ms (compile: 3ms, render: 596ms)
 GET /explore/fridge 200 in 368ms (compile: 3ms, render: 366ms)
 POST /explore/fridge 200 in 155ms (compile: 2ms, render: 153ms)
 POST /explore/fridge 200 in 107ms (compile: 2ms, render: 105ms)
 GET / 200 in 1786ms (compile: 3ms, render: 1783ms)
 GET /explore/fridge 200 in 338ms (compile: 2ms, render: 336ms)
 POST /explore/fridge 200 in 103ms (compile: 3ms, render: 100ms)
 POST /explore/fridge 200 in 102ms (compile: 2ms, render: 100ms)
 GET /favorites 200 in 404ms (compile: 2ms, render: 401ms)
 GET /explore/fridge 200 in 380ms (compile: 2ms, render: 377ms)
 POST /explore/fridge 200 in 104ms (compile: 2ms, render: 102ms)
 POST /explore/fridge 200 in 91ms (compile: 1795┬╡s, render: 89ms)
 GET /explore/fridge 200 in 320ms (compile: 233ms, render: 87ms)
 GET /explore/fridge 200 in 1478ms (compile: 3ms, render: 1475ms)
 GET / 200 in 706ms (compile: 3ms, render: 703ms)
 GET /explore/fridge 200 in 371ms (compile: 2ms, render: 368ms)
 POST /explore/fridge 200 in 106ms (compile: 2ms, render: 104ms)
 POST /explore/fridge 200 in 99ms (compile: 2ms, render: 97ms)
 GET /explore/fridge 200 in 362ms (compile: 2ms, render: 360ms)
 GET /explore/fridge 200 in 1714ms (compile: 2ms, render: 1712ms)
 POST /explore/fridge 200 in 101ms (compile: 2ms, render: 99ms)
 Γ£ô Compiled in 202ms
 GET / 200 in 1937ms (compile: 3ms, render: 1934ms)
 GET /explore/fridge 200 in 645ms (compile: 226ms, render: 419ms)
 POST /explore/fridge 200 in 118ms (compile: 3ms, render: 116ms)
 POST /explore/fridge 200 in 130ms (compile: 2ms, render: 127ms)
 GET /explore/fridge 200 in 407ms (compile: 3ms, render: 404ms)
 GET / 200 in 602ms (compile: 3ms, render: 599ms)
 GET /explore/fridge 200 in 310ms (compile: 2ms, render: 307ms)
 POST /explore/fridge 200 in 96ms (compile: 3ms, render: 94ms)
 POST /explore/fridge 200 in 97ms (compile: 2ms, render: 95ms)
 GET / 200 in 552ms (compile: 3ms, render: 549ms)
 GET /explore/fridge 200 in 373ms (compile: 2ms, render: 371ms)
 POST /explore/fridge 200 in 100ms (compile: 3ms, render: 97ms)
 POST /explore/fridge 200 in 91ms (compile: 2ms, render: 89ms)
 GET / 200 in 1634ms (compile: 2ms, render: 1632ms)
 GET /explore/fridge 200 in 326ms (compile: 2ms, render: 324ms)
 POST /explore/fridge 200 in 88ms (compile: 3ms, render: 85ms)
 POST /explore/fridge 200 in 88ms (compile: 2ms, render: 86ms)
 GET / 200 in 1720ms (compile: 2ms, render: 1718ms)
 GET /explore/fridge 200 in 1507ms (compile: 3ms, render: 1504ms)
 POST /explore/fridge 200 in 129ms (compile: 2ms, render: 127ms)
 POST /explore/fridge 200 in 108ms (compile: 2ms, render: 106ms)
 GET /explore/fridge 200 in 317ms (compile: 218ms, render: 99ms)
 GET /explore/fridge 200 in 1534ms (compile: 305ms, render: 1230ms)
 Γ£ô Compiled in 197ms
 GET /explore/fridge 200 in 422ms (compile: 278ms, render: 144ms)
 GET / 200 in 2.5s (compile: 3ms, render: 2.5s)
 GET /explore/fridge 200 in 582ms (compile: 3ms, render: 579ms)
 POST /explore/fridge 200 in 147ms (compile: 2ms, render: 145ms)
 POST /explore/fridge 200 in 536ms (compile: 2ms, render: 534ms)
 GET / 200 in 553ms (compile: 3ms, render: 550ms)
 GET /explore/fridge 200 in 374ms (compile: 3ms, render: 372ms)
 POST /explore/fridge 200 in 112ms (compile: 2ms, render: 109ms)
 POST /explore/fridge 200 in 108ms (compile: 2ms, render: 106ms)
 GET /explore/fridge 200 in 346ms (compile: 2ms, render: 344ms)
 GET / 200 in 603ms (compile: 2ms, render: 600ms)
[getRecipe] Fetching recipe 7cc92a4c-ac66-4e55-9bc8-2c32f92a2abd
[getRecipe] Client created
[getRecipe] Fetching recipe 7cc92a4c-ac66-4e55-9bc8-2c32f92a2abd
[getRecipe] Client created
[getRecipe] Success: Poga─ìa sa sirom
[getRecipe] Success: Poga─ìa sa sirom
 GET /recipes/7cc92a4c-ac66-4e55-9bc8-2c32f92a2abd 200 in 3.7s (compile: 1784ms, render: 1894ms)
 GET / 200 in 2.8s (compile: 3ms, render: 2.8s)
 Γ£ô Compiled in 205ms
 GET /recipes/new 200 in 843ms (compile: 221ms, render: 622ms)
 GET / 200 in 2.2s (compile: 215ms, render: 2.0s)
[getRecipe] Fetching recipe 9747b59a-f85d-4bbb-8f50-4df72e72eba7
[getRecipe] Client created
[getRecipe] Fetching recipe 9747b59a-f85d-4bbb-8f50-4df72e72eba7
[getRecipe] Client created
[getRecipe] Success: Kompir salata
[getRecipe] Success: Kompir salata
 GET /recipes/9747b59a-f85d-4bbb-8f50-4df72e72eba7 200 in 907ms (compile: 13ms, render: 894ms)
 GET / 200 in 587ms (compile: 3ms, render: 584ms)
 GET /explore 200 in 1467ms (compile: 428ms, render: 1039ms)
[getRecipe] Fetching recipe bfcca9d2-b946-4a65-b9b6-cc1ea7243139
[getRecipe] Client created
[getRecipe] Fetching recipe bfcca9d2-b946-4a65-b9b6-cc1ea7243139
[getRecipe] Client created
[getRecipe] Success: Punjene tikvice sa sirom
[getRecipe] Success: Punjene tikvice sa sirom
 GET /recipes/bfcca9d2-b946-4a65-b9b6-cc1ea7243139 200 in 2.3s (compile: 15ms, render: 2.3s)
 Γ£ô Compiled in 112ms
 Γ£ô Compiled in 116ms
 Γ£ô Compiled in 116ms
 GET /recipes/new 200 in 2.8s (compile: 238ms, render: 2.5s)
 Γ£ô Compiled in 147ms
 GET / 200 in 2.1s (compile: 3ms, render: 2.1s)
 GET /explore 200 in 1106ms (compile: 3ms, render: 1103ms)
 Γ£ô Compiled in 123ms
 Γ£ô Compiled in 113ms
 Γ£ô Compiled in 135ms
 Γ£ô Compiled in 156ms
 GET /recipes/new 200 in 3.0s (compile: 304ms, render: 2.7s)
 Γ£ô Compiled in 154ms
 GET /recipes/new 200 in 2.0s (compile: 231ms, render: 1778ms)
 Γ£ô Compiled in 124ms
